<area shape="rect" href="$BROWNIAN2d_8cpp.html" title="skeleton of a 2d event driven simulation of hard Brownian disks" alt="" coords="5,81,392,105">
<area shape="rect" href="$BROWNIAN3d_8cpp.html" title="skeleton of a 3d event driven simulation of hard Brownian spheres" alt="" coords="416,81,803,105">
<area shape="rect" href="$BROWNIANinventor_8cpp.html" title="Animated event&#45;driven simulation of hard Brownian spheres." alt="" coords="827,81,1245,105">
<area shape="rect" href="$BROWNIANplplot_8cpp.html" title="Animated event&#45;driven simulation of hard Brownian disks." alt="" coords="1269,81,1675,105">
<area shape="rect" href="$GRANULARplplot_8cpp.html" title="Animated event&#45;driven simulation of 2d shaken inelastic disks." alt="" coords="1699,81,2104,105">
<area shape="rect" href="$GROWTHinventor_8cpp.html" title="Animated growth of a low density configuration of spheres up to a final packing fraction..." alt="" coords="2128,81,2533,105">
<area shape="rect" href="$NEWTONIANinventor_8cpp.html" title="Animated event&#45;driven simulation of hard spheres following Newtonian dynamics." alt="" coords="2557,81,2984,105">
