<area shape="rect" href="$EDsimul_8h.html" title="Template class containing the event queue, collision prediction, and propagation..." alt="" coords="1303,82,1641,106">
<area shape="rect" href="$BROWNIAN2d_8cpp.html" title="skeleton of a 2d event driven simulation of hard Brownian disks" alt="" coords="5,156,392,180">
<area shape="rect" href="$BROWNIAN3d_8cpp.html" title="skeleton of a 3d event driven simulation of hard Brownian spheres" alt="" coords="416,156,803,180">
<area shape="rect" href="$BROWNIANinventor_8cpp.html" title="Animated event&#45;driven simulation of hard Brownian spheres." alt="" coords="827,156,1245,180">
<area shape="rect" href="$BROWNIANplplot_8cpp.html" title="Animated event&#45;driven simulation of hard Brownian disks." alt="" coords="1269,156,1675,180">
<area shape="rect" href="$GRANULARplplot_8cpp.html" title="Animated event&#45;driven simulation of 2d shaken inelastic disks." alt="" coords="1699,156,2104,180">
<area shape="rect" href="$GROWTHinventor_8cpp.html" title="Animated growth of a low density configuration of spheres up to a final packing fraction..." alt="" coords="2128,156,2533,180">
<area shape="rect" href="$NEWTONIANinventor_8cpp.html" title="Animated event&#45;driven simulation of hard spheres following Newtonian dynamics." alt="" coords="2557,156,2984,180">
