<area shape="rect" href="$BROWNIAN2d_8cpp.html" title="skeleton of a 2d event driven simulation of hard Brownian disks" alt="" coords="5,156,392,180">
<area shape="rect" href="$BROWNIAN3d_8cpp.html" title="skeleton of a 3d event driven simulation of hard Brownian spheres" alt="" coords="416,156,803,180">
<area shape="rect" href="$BROWNIANinventor_8cpp.html" title="Animated event&#45;driven simulation of hard Brownian spheres." alt="" coords="1685,156,2104,180">
<area shape="rect" href="$BROWNIANplplot_8cpp.html" title="Animated event&#45;driven simulation of hard Brownian disks." alt="" coords="827,156,1232,180">
<area shape="rect" href="$EDsimul_8h.html" title="Template class containing the event queue, collision prediction, and propagation..." alt="" coords="1333,82,1672,106">
<area shape="rect" href="$GRANULARplplot_8cpp.html" title="Animated event&#45;driven simulation of 2d shaken inelastic disks." alt="" coords="1256,156,1661,180">
<area shape="rect" href="$GROWTHinventor_8cpp.html" title="Animated growth of a low density configuration of spheres up to a final packing fraction..." alt="" coords="2128,156,2533,180">
<area shape="rect" href="$NEWTONIANinventor_8cpp.html" title="Animated event&#45;driven simulation of hard spheres following Newtonian dynamics." alt="" coords="2557,156,2984,180">
<area shape="rect" href="$InventorShow_8h.html" title="wrapper for Open Inventor" alt="" coords="2105,82,2473,106">
<area shape="rect" href="$show3dconf_8cpp.html" title="shows 3d configuration using Open Inventor" alt="" coords="3008,156,3379,180">
<area shape="rect" href="$show2dconf_8cpp.html" title="shows 2d configuration using PlPlot" alt="" coords="2599,82,2969,106">
