<area shape="rect" href="$wrap__plplot_8h.html" title="wrapper for PlPlot" alt="" coords="539,156,893,180">
<area shape="rect" href="$Disk_8h.html" title="2d disks" alt="" coords="824,81,1139,105">
<area shape="rect" href="$SimBox_8h.html" title="Simulation boxes for 2d and 3d." alt="" coords="1747,81,2083,105">
<area shape="rect" href="$Sphere_8h.html" title="3d spheres" alt="" coords="2339,81,2669,105">
<area shape="rect" href="$BROWNIANplplot_8cpp.html" title="Animated event&#45;driven simulation of hard Brownian disks." alt="" coords="829,230,1235,254">
<area shape="rect" href="$GRANULARplplot_8cpp.html" title="Animated event&#45;driven simulation of 2d shaken inelastic disks." alt="" coords="400,230,805,254">
<area shape="rect" href="$show2dconf_8cpp.html" title="shows 2d configuration using PlPlot" alt="" coords="5,230,376,254">
<area shape="rect" href="$BROWNIAN2d_8cpp.html" title="skeleton of a 2d event driven simulation of hard Brownian disks" alt="" coords="1259,230,1645,254">
<area shape="rect" href="$BROWNIAN3d_8cpp.html" title="skeleton of a 3d event driven simulation of hard Brownian spheres" alt="" coords="1669,230,2056,254">
<area shape="rect" href="$BROWNIANinventor_8cpp.html" title="Animated event&#45;driven simulation of hard Brownian spheres." alt="" coords="2960,230,3379,254">
<area shape="rect" href="$EDsimul_8h.html" title="Template class containing the event queue, collision prediction, and propagation..." alt="" coords="1643,156,1981,180">
<area shape="rect" href="$GROWTHinventor_8cpp.html" title="Animated growth of a low density configuration of spheres up to a final packing fraction..." alt="" coords="2080,230,2485,254">
<area shape="rect" href="$NEWTONIANinventor_8cpp.html" title="Animated event&#45;driven simulation of hard spheres following Newtonian dynamics." alt="" coords="2509,230,2936,254">
<area shape="rect" href="$InventorShow_8h.html" title="wrapper for Open Inventor" alt="" coords="2320,156,2688,180">
<area shape="rect" href="$show3dconf_8cpp.html" title="shows 3d configuration using Open Inventor" alt="" coords="3403,230,3773,254">
